Terminals unused in grammar

    ERROR


State 100 conflicts: 1 shift/reduce


Grammar

    0 $accept: program $end

    1 program: declaration_list

    2 declaration_list: declaration_list declaration
    3                 | declaration

    4 declaration: var_declaration
    5            | fun_declaration

    6 identifier: ID

    7 number: NUM

    8 var_declaration: type_specifier identifier SEMI
    9                | type_specifier identifier LBRACE number RBRACE SEMI

   10 type_specifier: INT
   11               | VOID

   12 @1: ε

   13 fun_declaration: type_specifier identifier @1 LPAREN params RPAREN compound_stmt

   14 params: param_list
   15       | VOID

   16 param_list: param_list COMMA param
   17           | param

   18 param: type_specifier identifier
   19      | type_specifier identifier LBRACE RBRACE

   20 compound_stmt: LCURLY local_declarations statement_list RCURLY

   21 local_declarations: local_declarations var_declaration
   22                   | ε

   23 statement_list: statement_list statement
   24               | ε

   25 statement: expression_stmt
   26          | compound_stmt
   27          | selection_stmt
   28          | iteration_stmt
   29          | return_stmt

   30 expression_stmt: expression SEMI
   31                | SEMI

   32 selection_stmt: IF LPAREN expression RPAREN statement
   33               | IF LPAREN expression RPAREN statement ELSE statement

   34 iteration_stmt: WHILE LPAREN expression RPAREN statement

   35 return_stmt: RETURN SEMI
   36            | RETURN expression SEMI

   37 expression: var ASSIGN expression
   38           | simple_expression

   39 var: identifier
   40    | identifier LBRACE expression RBRACE

   41 simple_expression: additive_expression relop additive_expression
   42                  | additive_expression

   43 relop: LE
   44      | LT
   45      | GE
   46      | GT
   47      | EQ
   48      | NE

   49 additive_expression: additive_expression addop term
   50                    | term

   51 addop: PLUS
   52      | MINUS

   53 term: term mulop factor
   54     | factor

   55 mulop: TIMES
   56      | OVER

   57 factor: LPAREN expression RPAREN
   58       | var
   59       | call
   60       | number

   61 call: identifier LPAREN args RPAREN

   62 args: arg_list
   63     | ε

   64 arg_list: arg_list COMMA expression
   65         | expression


Terminals, with rules where they appear

    $end (0) 0
    error (256)
    ELSE (258) 33
    IF (259) 32 33
    INT (260) 10
    RETURN (261) 35 36
    VOID (262) 11 15
    WHILE (263) 34
    ID (264) 6
    NUM (265) 7
    PLUS (266) 51
    MINUS (267) 52
    TIMES (268) 55
    OVER (269) 56
    LT (270) 44
    LE (271) 43
    GT (272) 46
    GE (273) 45
    EQ (274) 47
    NE (275) 48
    ASSIGN (276) 37
    SEMI (277) 8 9 30 31 35 36
    COMMA (278) 16 64
    LPAREN (279) 13 32 33 34 57 61
    RPAREN (280) 13 32 33 34 57 61
    LBRACE (281) 9 19 40
    RBRACE (282) 9 19 40
    LCURLY (283) 20
    RCURLY (284) 20
    ERROR (285)


Nonterminals, with rules where they appear

    $accept (31)
        on left: 0
    program (32)
        on left: 1
        on right: 0
    declaration_list (33)
        on left: 2 3
        on right: 1 2
    declaration (34)
        on left: 4 5
        on right: 2 3
    identifier (35)
        on left: 6
        on right: 8 9 13 18 19 39 40 61
    number (36)
        on left: 7
        on right: 9 60
    var_declaration (37)
        on left: 8 9
        on right: 4 21
    type_specifier (38)
        on left: 10 11
        on right: 8 9 13 18 19
    fun_declaration (39)
        on left: 13
        on right: 5
    @1 (40)
        on left: 12
        on right: 13
    params (41)
        on left: 14 15
        on right: 13
    param_list (42)
        on left: 16 17
        on right: 14 16
    param (43)
        on left: 18 19
        on right: 16 17
    compound_stmt (44)
        on left: 20
        on right: 13 26
    local_declarations (45)
        on left: 21 22
        on right: 20 21
    statement_list (46)
        on left: 23 24
        on right: 20 23
    statement (47)
        on left: 25 26 27 28 29
        on right: 23 32 33 34
    expression_stmt (48)
        on left: 30 31
        on right: 25
    selection_stmt (49)
        on left: 32 33
        on right: 27
    iteration_stmt (50)
        on left: 34
        on right: 28
    return_stmt (51)
        on left: 35 36
        on right: 29
    expression (52)
        on left: 37 38
        on right: 30 32 33 34 36 37 40 57 64 65
    var (53)
        on left: 39 40
        on right: 37 58
    simple_expression (54)
        on left: 41 42
        on right: 38
    relop (55)
        on left: 43 44 45 46 47 48
        on right: 41
    additive_expression (56)
        on left: 49 50
        on right: 41 42 49
    addop (57)
        on left: 51 52
        on right: 49
    term (58)
        on left: 53 54
        on right: 49 50 53
    mulop (59)
        on left: 55 56
        on right: 53
    factor (60)
        on left: 57 58 59 60
        on right: 53 54
    call (61)
        on left: 61
        on right: 59
    args (62)
        on left: 62 63
        on right: 61
    arg_list (63)
        on left: 64 65
        on right: 62 64


State 0

    0 $accept: • program $end

    INT   shift, and go to state 1
    VOID  shift, and go to state 2

    program           go to state 3
    declaration_list  go to state 4
    declaration       go to state 5
    var_declaration   go to state 6
    type_specifier    go to state 7
    fun_declaration   go to state 8


State 1

   10 type_specifier: INT •

    $default  reduce using rule 10 (type_specifier)


State 2

   11 type_specifier: VOID •

    $default  reduce using rule 11 (type_specifier)


State 3

    0 $accept: program • $end

    $end  shift, and go to state 9


State 4

    1 program: declaration_list •
    2 declaration_list: declaration_list • declaration

    INT   shift, and go to state 1
    VOID  shift, and go to state 2

    $default  reduce using rule 1 (program)

    declaration      go to state 10
    var_declaration  go to state 6
    type_specifier   go to state 7
    fun_declaration  go to state 8


State 5

    3 declaration_list: declaration •

    $default  reduce using rule 3 (declaration_list)


State 6

    4 declaration: var_declaration •

    $default  reduce using rule 4 (declaration)


State 7

    8 var_declaration: type_specifier • identifier SEMI
    9                | type_specifier • identifier LBRACE number RBRACE SEMI
   13 fun_declaration: type_specifier • identifier @1 LPAREN params RPAREN compound_stmt

    ID  shift, and go to state 11

    identifier  go to state 12


State 8

    5 declaration: fun_declaration •

    $default  reduce using rule 5 (declaration)


State 9

    0 $accept: program $end •

    $default  accept


State 10

    2 declaration_list: declaration_list declaration •

    $default  reduce using rule 2 (declaration_list)


State 11

    6 identifier: ID •

    $default  reduce using rule 6 (identifier)


State 12

    8 var_declaration: type_specifier identifier • SEMI
    9                | type_specifier identifier • LBRACE number RBRACE SEMI
   13 fun_declaration: type_specifier identifier • @1 LPAREN params RPAREN compound_stmt

    SEMI    shift, and go to state 13
    LBRACE  shift, and go to state 14

    $default  reduce using rule 12 (@1)

    @1  go to state 15


State 13

    8 var_declaration: type_specifier identifier SEMI •

    $default  reduce using rule 8 (var_declaration)


State 14

    9 var_declaration: type_specifier identifier LBRACE • number RBRACE SEMI

    NUM  shift, and go to state 16

    number  go to state 17


State 15

   13 fun_declaration: type_specifier identifier @1 • LPAREN params RPAREN compound_stmt

    LPAREN  shift, and go to state 18


State 16

    7 number: NUM •

    $default  reduce using rule 7 (number)


State 17

    9 var_declaration: type_specifier identifier LBRACE number • RBRACE SEMI

    RBRACE  shift, and go to state 19


State 18

   13 fun_declaration: type_specifier identifier @1 LPAREN • params RPAREN compound_stmt

    INT   shift, and go to state 1
    VOID  shift, and go to state 20

    type_specifier  go to state 21
    params          go to state 22
    param_list      go to state 23
    param           go to state 24


State 19

    9 var_declaration: type_specifier identifier LBRACE number RBRACE • SEMI

    SEMI  shift, and go to state 25


State 20

   11 type_specifier: VOID •
   15 params: VOID •

    RPAREN    reduce using rule 15 (params)
    $default  reduce using rule 11 (type_specifier)


State 21

   18 param: type_specifier • identifier
   19      | type_specifier • identifier LBRACE RBRACE

    ID  shift, and go to state 11

    identifier  go to state 26


State 22

   13 fun_declaration: type_specifier identifier @1 LPAREN params • RPAREN compound_stmt

    RPAREN  shift, and go to state 27


State 23

   14 params: param_list •
   16 param_list: param_list • COMMA param

    COMMA  shift, and go to state 28

    $default  reduce using rule 14 (params)


State 24

   17 param_list: param •

    $default  reduce using rule 17 (param_list)


State 25

    9 var_declaration: type_specifier identifier LBRACE number RBRACE SEMI •

    $default  reduce using rule 9 (var_declaration)


State 26

   18 param: type_specifier identifier •
   19      | type_specifier identifier • LBRACE RBRACE

    LBRACE  shift, and go to state 29

    $default  reduce using rule 18 (param)


State 27

   13 fun_declaration: type_specifier identifier @1 LPAREN params RPAREN • compound_stmt

    LCURLY  shift, and go to state 30

    compound_stmt  go to state 31


State 28

   16 param_list: param_list COMMA • param

    INT   shift, and go to state 1
    VOID  shift, and go to state 2

    type_specifier  go to state 21
    param           go to state 32


State 29

   19 param: type_specifier identifier LBRACE • RBRACE

    RBRACE  shift, and go to state 33


State 30

   20 compound_stmt: LCURLY • local_declarations statement_list RCURLY

    $default  reduce using rule 22 (local_declarations)

    local_declarations  go to state 34


State 31

   13 fun_declaration: type_specifier identifier @1 LPAREN params RPAREN compound_stmt •

    $default  reduce using rule 13 (fun_declaration)


State 32

   16 param_list: param_list COMMA param •

    $default  reduce using rule 16 (param_list)


State 33

   19 param: type_specifier identifier LBRACE RBRACE •

    $default  reduce using rule 19 (param)


State 34

   20 compound_stmt: LCURLY local_declarations • statement_list RCURLY
   21 local_declarations: local_declarations • var_declaration

    INT   shift, and go to state 1
    VOID  shift, and go to state 2

    $default  reduce using rule 24 (statement_list)

    var_declaration  go to state 35
    type_specifier   go to state 36
    statement_list   go to state 37


State 35

   21 local_declarations: local_declarations var_declaration •

    $default  reduce using rule 21 (local_declarations)


State 36

    8 var_declaration: type_specifier • identifier SEMI
    9                | type_specifier • identifier LBRACE number RBRACE SEMI

    ID  shift, and go to state 11

    identifier  go to state 38


State 37

   20 compound_stmt: LCURLY local_declarations statement_list • RCURLY
   23 statement_list: statement_list • statement

    IF      shift, and go to state 39
    RETURN  shift, and go to state 40
    WHILE   shift, and go to state 41
    ID      shift, and go to state 11
    NUM     shift, and go to state 16
    SEMI    shift, and go to state 42
    LPAREN  shift, and go to state 43
    LCURLY  shift, and go to state 30
    RCURLY  shift, and go to state 44

    identifier           go to state 45
    number               go to state 46
    compound_stmt        go to state 47
    statement            go to state 48
    expression_stmt      go to state 49
    selection_stmt       go to state 50
    iteration_stmt       go to state 51
    return_stmt          go to state 52
    expression           go to state 53
    var                  go to state 54
    simple_expression    go to state 55
    additive_expression  go to state 56
    term                 go to state 57
    factor               go to state 58
    call                 go to state 59


State 38

    8 var_declaration: type_specifier identifier • SEMI
    9                | type_specifier identifier • LBRACE number RBRACE SEMI

    SEMI    shift, and go to state 13
    LBRACE  shift, and go to state 14


State 39

   32 selection_stmt: IF • LPAREN expression RPAREN statement
   33               | IF • LPAREN expression RPAREN statement ELSE statement

    LPAREN  shift, and go to state 60


State 40

   35 return_stmt: RETURN • SEMI
   36            | RETURN • expression SEMI

    ID      shift, and go to state 11
    NUM     shift, and go to state 16
    SEMI    shift, and go to state 61
    LPAREN  shift, and go to state 43

    identifier           go to state 45
    number               go to state 46
    expression           go to state 62
    var                  go to state 54
    simple_expression    go to state 55
    additive_expression  go to state 56
    term                 go to state 57
    factor               go to state 58
    call                 go to state 59


State 41

   34 iteration_stmt: WHILE • LPAREN expression RPAREN statement

    LPAREN  shift, and go to state 63


State 42

   31 expression_stmt: SEMI •

    $default  reduce using rule 31 (expression_stmt)


State 43

   57 factor: LPAREN • expression RPAREN

    ID      shift, and go to state 11
    NUM     shift, and go to state 16
    LPAREN  shift, and go to state 43

    identifier           go to state 45
    number               go to state 46
    expression           go to state 64
    var                  go to state 54
    simple_expression    go to state 55
    additive_expression  go to state 56
    term                 go to state 57
    factor               go to state 58
    call                 go to state 59


State 44

   20 compound_stmt: LCURLY local_declarations statement_list RCURLY •

    $default  reduce using rule 20 (compound_stmt)


State 45

   39 var: identifier •
   40    | identifier • LBRACE expression RBRACE
   61 call: identifier • LPAREN args RPAREN

    LPAREN  shift, and go to state 65
    LBRACE  shift, and go to state 66

    $default  reduce using rule 39 (var)


State 46

   60 factor: number •

    $default  reduce using rule 60 (factor)


State 47

   26 statement: compound_stmt •

    $default  reduce using rule 26 (statement)


State 48

   23 statement_list: statement_list statement •

    $default  reduce using rule 23 (statement_list)


State 49

   25 statement: expression_stmt •

    $default  reduce using rule 25 (statement)


State 50

   27 statement: selection_stmt •

    $default  reduce using rule 27 (statement)


State 51

   28 statement: iteration_stmt •

    $default  reduce using rule 28 (statement)


State 52

   29 statement: return_stmt •

    $default  reduce using rule 29 (statement)


State 53

   30 expression_stmt: expression • SEMI

    SEMI  shift, and go to state 67


State 54

   37 expression: var • ASSIGN expression
   58 factor: var •

    ASSIGN  shift, and go to state 68

    $default  reduce using rule 58 (factor)


State 55

   38 expression: simple_expression •

    $default  reduce using rule 38 (expression)


State 56

   41 simple_expression: additive_expression • relop additive_expression
   42                  | additive_expression •
   49 additive_expression: additive_expression • addop term

    PLUS   shift, and go to state 69
    MINUS  shift, and go to state 70
    LT     shift, and go to state 71
    LE     shift, and go to state 72
    GT     shift, and go to state 73
    GE     shift, and go to state 74
    EQ     shift, and go to state 75
    NE     shift, and go to state 76

    $default  reduce using rule 42 (simple_expression)

    relop  go to state 77
    addop  go to state 78


State 57

   50 additive_expression: term •
   53 term: term • mulop factor

    TIMES  shift, and go to state 79
    OVER   shift, and go to state 80

    $default  reduce using rule 50 (additive_expression)

    mulop  go to state 81


State 58

   54 term: factor •

    $default  reduce using rule 54 (term)


State 59

   59 factor: call •

    $default  reduce using rule 59 (factor)


State 60

   32 selection_stmt: IF LPAREN • expression RPAREN statement
   33               | IF LPAREN • expression RPAREN statement ELSE statement

    ID      shift, and go to state 11
    NUM     shift, and go to state 16
    LPAREN  shift, and go to state 43

    identifier           go to state 45
    number               go to state 46
    expression           go to state 82
    var                  go to state 54
    simple_expression    go to state 55
    additive_expression  go to state 56
    term                 go to state 57
    factor               go to state 58
    call                 go to state 59


State 61

   35 return_stmt: RETURN SEMI •

    $default  reduce using rule 35 (return_stmt)


State 62

   36 return_stmt: RETURN expression • SEMI

    SEMI  shift, and go to state 83


State 63

   34 iteration_stmt: WHILE LPAREN • expression RPAREN statement

    ID      shift, and go to state 11
    NUM     shift, and go to state 16
    LPAREN  shift, and go to state 43

    identifier           go to state 45
    number               go to state 46
    expression           go to state 84
    var                  go to state 54
    simple_expression    go to state 55
    additive_expression  go to state 56
    term                 go to state 57
    factor               go to state 58
    call                 go to state 59


State 64

   57 factor: LPAREN expression • RPAREN

    RPAREN  shift, and go to state 85


State 65

   61 call: identifier LPAREN • args RPAREN

    ID      shift, and go to state 11
    NUM     shift, and go to state 16
    LPAREN  shift, and go to state 43

    $default  reduce using rule 63 (args)

    identifier           go to state 45
    number               go to state 46
    expression           go to state 86
    var                  go to state 54
    simple_expression    go to state 55
    additive_expression  go to state 56
    term                 go to state 57
    factor               go to state 58
    call                 go to state 59
    args                 go to state 87
    arg_list             go to state 88


State 66

   40 var: identifier LBRACE • expression RBRACE

    ID      shift, and go to state 11
    NUM     shift, and go to state 16
    LPAREN  shift, and go to state 43

    identifier           go to state 45
    number               go to state 46
    expression           go to state 89
    var                  go to state 54
    simple_expression    go to state 55
    additive_expression  go to state 56
    term                 go to state 57
    factor               go to state 58
    call                 go to state 59


State 67

   30 expression_stmt: expression SEMI •

    $default  reduce using rule 30 (expression_stmt)


State 68

   37 expression: var ASSIGN • expression

    ID      shift, and go to state 11
    NUM     shift, and go to state 16
    LPAREN  shift, and go to state 43

    identifier           go to state 45
    number               go to state 46
    expression           go to state 90
    var                  go to state 54
    simple_expression    go to state 55
    additive_expression  go to state 56
    term                 go to state 57
    factor               go to state 58
    call                 go to state 59


State 69

   51 addop: PLUS •

    $default  reduce using rule 51 (addop)


State 70

   52 addop: MINUS •

    $default  reduce using rule 52 (addop)


State 71

   44 relop: LT •

    $default  reduce using rule 44 (relop)


State 72

   43 relop: LE •

    $default  reduce using rule 43 (relop)


State 73

   46 relop: GT •

    $default  reduce using rule 46 (relop)


State 74

   45 relop: GE •

    $default  reduce using rule 45 (relop)


State 75

   47 relop: EQ •

    $default  reduce using rule 47 (relop)


State 76

   48 relop: NE •

    $default  reduce using rule 48 (relop)


State 77

   41 simple_expression: additive_expression relop • additive_expression

    ID      shift, and go to state 11
    NUM     shift, and go to state 16
    LPAREN  shift, and go to state 43

    identifier           go to state 45
    number               go to state 46
    var                  go to state 91
    additive_expression  go to state 92
    term                 go to state 57
    factor               go to state 58
    call                 go to state 59


State 78

   49 additive_expression: additive_expression addop • term

    ID      shift, and go to state 11
    NUM     shift, and go to state 16
    LPAREN  shift, and go to state 43

    identifier  go to state 45
    number      go to state 46
    var         go to state 91
    term        go to state 93
    factor      go to state 58
    call        go to state 59


State 79

   55 mulop: TIMES •

    $default  reduce using rule 55 (mulop)


State 80

   56 mulop: OVER •

    $default  reduce using rule 56 (mulop)


State 81

   53 term: term mulop • factor

    ID      shift, and go to state 11
    NUM     shift, and go to state 16
    LPAREN  shift, and go to state 43

    identifier  go to state 45
    number      go to state 46
    var         go to state 91
    factor      go to state 94
    call        go to state 59


State 82

   32 selection_stmt: IF LPAREN expression • RPAREN statement
   33               | IF LPAREN expression • RPAREN statement ELSE statement

    RPAREN  shift, and go to state 95


State 83

   36 return_stmt: RETURN expression SEMI •

    $default  reduce using rule 36 (return_stmt)


State 84

   34 iteration_stmt: WHILE LPAREN expression • RPAREN statement

    RPAREN  shift, and go to state 96


State 85

   57 factor: LPAREN expression RPAREN •

    $default  reduce using rule 57 (factor)


State 86

   65 arg_list: expression •

    $default  reduce using rule 65 (arg_list)


State 87

   61 call: identifier LPAREN args • RPAREN

    RPAREN  shift, and go to state 97


State 88

   62 args: arg_list •
   64 arg_list: arg_list • COMMA expression

    COMMA  shift, and go to state 98

    $default  reduce using rule 62 (args)


State 89

   40 var: identifier LBRACE expression • RBRACE

    RBRACE  shift, and go to state 99


State 90

   37 expression: var ASSIGN expression •

    $default  reduce using rule 37 (expression)


State 91

   58 factor: var •

    $default  reduce using rule 58 (factor)


State 92

   41 simple_expression: additive_expression relop additive_expression •
   49 additive_expression: additive_expression • addop term

    PLUS   shift, and go to state 69
    MINUS  shift, and go to state 70

    $default  reduce using rule 41 (simple_expression)

    addop  go to state 78


State 93

   49 additive_expression: additive_expression addop term •
   53 term: term • mulop factor

    TIMES  shift, and go to state 79
    OVER   shift, and go to state 80

    $default  reduce using rule 49 (additive_expression)

    mulop  go to state 81


State 94

   53 term: term mulop factor •

    $default  reduce using rule 53 (term)


State 95

   32 selection_stmt: IF LPAREN expression RPAREN • statement
   33               | IF LPAREN expression RPAREN • statement ELSE statement

    IF      shift, and go to state 39
    RETURN  shift, and go to state 40
    WHILE   shift, and go to state 41
    ID      shift, and go to state 11
    NUM     shift, and go to state 16
    SEMI    shift, and go to state 42
    LPAREN  shift, and go to state 43
    LCURLY  shift, and go to state 30

    identifier           go to state 45
    number               go to state 46
    compound_stmt        go to state 47
    statement            go to state 100
    expression_stmt      go to state 49
    selection_stmt       go to state 50
    iteration_stmt       go to state 51
    return_stmt          go to state 52
    expression           go to state 53
    var                  go to state 54
    simple_expression    go to state 55
    additive_expression  go to state 56
    term                 go to state 57
    factor               go to state 58
    call                 go to state 59


State 96

   34 iteration_stmt: WHILE LPAREN expression RPAREN • statement

    IF      shift, and go to state 39
    RETURN  shift, and go to state 40
    WHILE   shift, and go to state 41
    ID      shift, and go to state 11
    NUM     shift, and go to state 16
    SEMI    shift, and go to state 42
    LPAREN  shift, and go to state 43
    LCURLY  shift, and go to state 30

    identifier           go to state 45
    number               go to state 46
    compound_stmt        go to state 47
    statement            go to state 101
    expression_stmt      go to state 49
    selection_stmt       go to state 50
    iteration_stmt       go to state 51
    return_stmt          go to state 52
    expression           go to state 53
    var                  go to state 54
    simple_expression    go to state 55
    additive_expression  go to state 56
    term                 go to state 57
    factor               go to state 58
    call                 go to state 59


State 97

   61 call: identifier LPAREN args RPAREN •

    $default  reduce using rule 61 (call)


State 98

   64 arg_list: arg_list COMMA • expression

    ID      shift, and go to state 11
    NUM     shift, and go to state 16
    LPAREN  shift, and go to state 43

    identifier           go to state 45
    number               go to state 46
    expression           go to state 102
    var                  go to state 54
    simple_expression    go to state 55
    additive_expression  go to state 56
    term                 go to state 57
    factor               go to state 58
    call                 go to state 59


State 99

   40 var: identifier LBRACE expression RBRACE •

    $default  reduce using rule 40 (var)


State 100

   32 selection_stmt: IF LPAREN expression RPAREN statement •
   33               | IF LPAREN expression RPAREN statement • ELSE statement

    ELSE  shift, and go to state 103

    ELSE      [reduce using rule 32 (selection_stmt)]
    $default  reduce using rule 32 (selection_stmt)


State 101

   34 iteration_stmt: WHILE LPAREN expression RPAREN statement •

    $default  reduce using rule 34 (iteration_stmt)


State 102

   64 arg_list: arg_list COMMA expression •

    $default  reduce using rule 64 (arg_list)


State 103

   33 selection_stmt: IF LPAREN expression RPAREN statement ELSE • statement

    IF      shift, and go to state 39
    RETURN  shift, and go to state 40
    WHILE   shift, and go to state 41
    ID      shift, and go to state 11
    NUM     shift, and go to state 16
    SEMI    shift, and go to state 42
    LPAREN  shift, and go to state 43
    LCURLY  shift, and go to state 30

    identifier           go to state 45
    number               go to state 46
    compound_stmt        go to state 47
    statement            go to state 104
    expression_stmt      go to state 49
    selection_stmt       go to state 50
    iteration_stmt       go to state 51
    return_stmt          go to state 52
    expression           go to state 53
    var                  go to state 54
    simple_expression    go to state 55
    additive_expression  go to state 56
    term                 go to state 57
    factor               go to state 58
    call                 go to state 59


State 104

   33 selection_stmt: IF LPAREN expression RPAREN statement ELSE statement •

    $default  reduce using rule 33 (selection_stmt)
